
> backend@1.0.0 test
> node --experimental-vm-modules ../node_modules/jest/bin/jest.js

npm : ts-jest[ts-jest-tra
nsformer] (WARN) Define 
`ts-jest` config under 
`globals` is deprecated. 
Please do
At line:1 char:1
+ npm test > 
test_output.txt 2>&1
+ ~~~~~~~~~~~~~~~~~~~~~~~
~~~~~~~~
    + CategoryInfo       
       : NotSpecifi    
ed: (ts-jest[ts-je    
st...ated. Please     
do:String) [], Rem    
oteException
    + FullyQualifiedEr   
 rorId : NativeComm    
andError
 
transform: {
    <transform_regex>: 
['ts-jest', { /* ts-jest 
config goes here in Jest 
*/ }],
},
ts-jest[ts-jest-transform
er] (WARN) Define 
`ts-jest` config under 
`globals` is deprecated. 
Please do
transform: {
    <transform_regex>: 
['ts-jest', { /* ts-jest 
config goes here in Jest 
*/ }],
},
ts-jest[ts-jest-transform
er] (WARN) Define 
`ts-jest` config under 
`globals` is deprecated. 
Please do
transform: {
    <transform_regex>: 
['ts-jest', { /* ts-jest 
config goes here in Jest 
*/ }],
},
(node:18672) 
ExperimentalWarning: VM 
Modules is an 
experimental feature and 
might change at any time
(Use `node 
--trace-warnings ...` to 
show where the warning 
was created)
FAIL 
tests/parser.test.ts 
(17.414 s)
  ÔùÅ Transaction Parser 
ÔÇ║ Parser handles 
Sample 1 format 
correctly (Multi-line)

    expect(received).toBe
(expected) // Object.is 
equality

    Expected: "STARBUCKS 
COFFEE MUMBAI"
    Received: "11 Dec 
2025 Description: 
STARBUCKS COFFEE MUMBAI 
: -420.00 after : 
18,420.50"

    [0m [90m 35 |[39m
     [90m 36 |[39m     
    expect(result[33m.[
39mdate)[33m.[39mtoEqua
l(expectedDateSample1)[3
3m;[39m
    [31m[1m>[22m[39m
[90m 37 |[39m         ex
pect(result[33m.[39mdes
cription)[33m.[39mtoBe(
[32m'STARBUCKS COFFEE 
MUMBAI'[39m)[33m;[39m
     [90m    |[39m     
                         
      
[31m[1m^[22m[39m
     [90m 38 |[39m     
    expect(result[33m.[
39mamount)[33m.[39mtoBe
([33m-[39m[35m420.00[
39m)[33m;[39m
     [90m 39 |[39m     
    expect(result[33m.[
39mbalance)[33m.[39mtoB
e([35m18420.50[39m)[33
m;[39m
     [90m 40 |[39m     
})[33m;[39m[0m

      at 
Object.<anonymous> (tests
/parser.test.ts:37:36)

  ÔùÅ Transaction Parser 
ÔÇ║ Parser handles 
Sample 1 format 
correctly (Single-line)

    expect(received).toBe
(expected) // Object.is 
equality

    Expected: "STARBUCKS 
COFFEE MUMBAI"
    Received: "11 Dec 
2025 Description: 
STARBUCKS COFFEE MUMBAI 
: -420.00 after : 
18,420.50"

    [0m [90m 44 |[39m
     [90m 45 |[39m     
    expect(result[33m.[
39mdate)[33m.[39mtoEqua
l(expectedDateSample1)[3
3m;[39m
    [31m[1m>[22m[39m
[90m 46 |[39m         ex
pect(result[33m.[39mdes
cription)[33m.[39mtoBe(
[32m'STARBUCKS COFFEE 
MUMBAI'[39m)[33m;[39m
     [90m    |[39m     
                         
      
[31m[1m^[22m[39m
     [90m 47 |[39m     
    expect(result[33m.[
39mamount)[33m.[39mtoBe
([33m-[39m[35m420.00[
39m)[33m;[39m
     [90m 48 |[39m     
    expect(result[33m.[
39mbalance)[33m.[39mtoB
e([35m18420.50[39m)[33
m;[39m
     [90m 49 |[39m     
})[33m;[39m[0m

      at 
Object.<anonymous> (tests
/parser.test.ts:46:36)

  ÔùÅ Transaction Parser 
ÔÇ║ Parser handles 
Sample 2 format correctly

    expect(received).toEq
ual(expected) // deep 
equality

    Expected: 
2025-12-11T00:00:00.000Z
    Received: 
2025-11-12T00:00:00.000Z

    [0m [90m 53 |[39m
     [90m 54 |[39m     
    [90m// Note: Parser 
implementation treats 
12/11/2025 as MM/DD/YYYY 
-> Dec 11, 2025.[39m
    [31m[1m>[22m[39m
[90m 55 |[39m         ex
pect(result[33m.[39mdat
e)[33m.[39mtoEqual(expe
ctedDateSample2_Correct)
[33m;[39m
     [90m    |[39m     
                        
[31m[1m^[22m[39m
     [90m 56 |[39m     
    expect(result[33m.[
39mdescription)[33m.[39
mtoBe([32m'Uber Ride * 
Airport 
Drop'[39m)[33m;[39m
     [90m 57 |[39m     
    expect(result[33m.[
39mamount)[33m.[39mtoBe
([33m-[39m[35m1250.00
[39m)[33m;[39m [90m// 
Debited means 
negative[39m
     [90m 58 |[39m     
    expect(result[33m.[
39mbalance)[33m.[39mtoB
e([35m17170.50[39m)[33
m;[39m[0m

      at 
Object.<anonymous> (tests
/parser.test.ts:55:29)

  ÔùÅ Transaction Parser 
ÔÇ║ Parser handles 
Sample 3 format correctly

    expect(received).toCo
ntain(expected) // 
indexOf

    Expected substring: 
"Amazon.in Order 
#403-1234567-8901234"
    Received string:    
"2025-12-10 Amazon.in 
14171.50 Shopping"

    [0m [90m 66 |[39m 
        [90m// "txn123 
2025-12-10 Amazon.in 
Order 
#403-1234567-8901234 
Ôé╣2,999.00..."[39m
     [90m 67 |[39m     
    [90m// Extracted: 
"Amazon.in Order #403-123
4567-8901234"[39m
    [31m[1m>[22m[39m
[90m 68 |[39m         ex
pect(result[33m.[39mdes
cription)[33m.[39mtoCon
tain([32m'Amazon.in 
Order #403-1234567-890123
4'[39m)[33m;[39m
     [90m    |[39m     
                         
      
[31m[1m^[22m[39m
     [90m 69 |[39m     
    expect(result[33m.[
39mamount)[33m.[39mtoBe
([33m-[39m[35m2999.00
[39m)[33m;[39m [90m// 
Dr means negative[39m
     [90m 70 |[39m     
    expect(result[33m.[
39mbalance)[33m.[39mtoB
e([35m14171.50[39m)[33
m;[39m
     [90m 71 |[39m     
})[33m;[39m[0m

      at 
Object.<anonymous> (tests
/parser.test.ts:68:36)

PASS 
src/lib/parser.test.ts
(node:22848) 
ExperimentalWarning: VM 
Modules is an 
experimental feature and 
might change at any time
(Use `node 
--trace-warnings ...` to 
show where the warning 
was created)
(node:13476) 
ExperimentalWarning: VM 
Modules is an 
experimental feature and 
might change at any time
(Use `node 
--trace-warnings ...` to 
show where the warning 
was created)
FAIL 
tests/isolation.test.ts 
(25.982 s)
  ÔùÅ Console

    console.log
      [Auth] Secret 
loaded: true, Prefix: 
D0S01...

      at 
src/lib/auth.ts:27:9

    console.log
      prisma:query 
DELETE FROM 
"public"."transactions" 
WHERE 1=1

      at Object.zc (../no
de_modules/@prisma/intern
als/src/logger.ts:13:11)

    console.log
      prisma:query 
DELETE FROM "public"."org
anization_members" WHERE 
1=1

      at Object.zc (../no
de_modules/@prisma/intern
als/src/logger.ts:13:11)

    console.log
      prisma:query 
DELETE FROM 
"public"."organizations" 
WHERE 1=1

      at Object.zc (../no
de_modules/@prisma/intern
als/src/logger.ts:13:11)

    console.log
      prisma:query 
DELETE FROM 
"public"."sessions" 
WHERE 1=1

      at Object.zc (../no
de_modules/@prisma/intern
als/src/logger.ts:13:11)

    console.log
      prisma:query 
DELETE FROM 
"public"."accounts" 
WHERE 1=1

      at Object.zc (../no
de_modules/@prisma/intern
als/src/logger.ts:13:11)

    console.log
      prisma:query 
DELETE FROM 
"public"."users" WHERE 
1=1

      at Object.zc (../no
de_modules/@prisma/intern
als/src/logger.ts:13:11)

    console.log
      <-- GET 
/api/transactions

      at log (../node_mod
ules/hono/dist/middleware
/logger/index.js:30:3)

    console.log
      ƒöæ Token 
received, length: 167 
prefix: 
eyJhbGciOiJIUzI1NiIs...

      at authMiddleware (
src/middleware/auth.ts:31
:13)

    console.log
      prisma:query 
SELECT "public"."sessions
"."id", "public"."session
s"."userId", "public"."se
ssions"."expiresAt", "pub
lic"."sessions"."token", 
"public"."sessions"."crea
tedAt", "public"."session
s"."updatedAt", "public".
"sessions"."ipAddress", "
public"."sessions"."userA
gent" FROM 
"public"."sessions" 
WHERE (("public"."session
s"."id" = $1 OR "public".
"sessions"."token" = $2) 
AND "public"."sessions"."
expiresAt" > $3) LIMIT 
$4 OFFSET $5

      at Object.zc (../no
de_modules/@prisma/intern
als/src/logger.ts:13:11)

    console.log
      ƒôï Better Auth 
getSession result: 
Invalid

      at authMiddleware (
src/middleware/auth.ts:69
:17)

    console.log
      Ô£à Manual JWT 
verification successful

      at authMiddleware (
src/middleware/auth.ts:95
:19)

    console.log
      Ô£à User ID from 
session: user-a-uuid-123

      at authMiddleware (
src/middleware/auth.ts:11
2:13)

    console.log
      ƒôº User email 
from session: 
usera@example.com

      at authMiddleware (
src/middleware/auth.ts:11
3:13)

    console.log
      prisma:query 
SELECT 
"public"."users"."id", "p
ublic"."users"."email", "
public"."users"."emailVer
ified", 
"public"."users"."name", 
"public"."users"."image",
 "public"."users"."create
dAt", "public"."users"."u
pdatedAt" FROM 
"public"."users" WHERE 
("public"."users"."id" = 
$1 AND 1=1) LIMIT $2 
OFFSET $3

      at Object.zc (../no
de_modules/@prisma/intern
als/src/logger.ts:13:11)

    console.log
      ÔÜá´©Å User not 
found in database, 
creating from session...

      at authMiddleware (
src/middleware/auth.ts:13
6:15)

    console.log
      ƒôï User data to 
create: {
        userId: 
'user-a-uuid-123',
        userEmail: 
'usera@example.com',
        userName: 'User 
A'
      }

      at authMiddleware (
src/middleware/auth.ts:13
7:15)

    console.log
      prisma:query BEGIN

      at Object.zc (../no
de_modules/@prisma/intern
als/src/logger.ts:13:11)

    console.log
      ƒôØ Creating user 
in database...

      at src/middleware/a
uth.ts:143:19

    console.log
      prisma:query 
INSERT INTO 
"public"."users" ("id","e
mail","emailVerified","na
me","createdAt","updatedA
t") VALUES 
($1,$2,$3,$4,$5,$6) 
RETURNING 
"public"."users"."id", "p
ublic"."users"."email", "
public"."users"."emailVer
ified", 
"public"."users"."name", 
"public"."users"."image",
 "public"."users"."create
dAt", "public"."users"."u
pdatedAt"

      at Object.zc (../no
de_modules/@prisma/intern
als/src/logger.ts:13:11)

    console.log
      Ô£à User created: 
user-a-uuid-123

      at src/middleware/a
uth.ts:152:19

    console.log
      ƒôØ Creating 
organization...

      at src/middleware/a
uth.ts:155:19

    console.log
      prisma:query 
INSERT INTO 
"public"."organizations" 
("id","name","slug","crea
tedAt","updatedAt") 
VALUES ($1,$2,$3,$4,$5) 
RETURNING "public"."organ
izations"."id", "public".
"organizations"."name", "
public"."organizations"."
slug", "public"."organiza
tions"."metadata", "publi
c"."organizations"."creat
edAt", "public"."organiza
tions"."updatedAt"

      at Object.zc (../no
de_modules/@prisma/intern
als/src/logger.ts:13:11)

    console.log
      prisma:error 
      Invalid `tx.organiz
ation.create()` 
invocation in
      C:\Users\HP\Desktop
\vessify-intern-assignmen
t\backend\src\middleware\
auth.ts:157:54
      
        154 // Create 
organization
        155 console.log("
ƒôØ Creating 
organization...");
        156 const orgId 
= crypto.randomUUID();
      ÔåÆ 157 const 
organization = await 
tx.organization.create(
      The column 
`organizations.metadata` 
does not exist in the 
current database.

      at Object.zc (../no
de_modules/@prisma/intern
als/src/logger.ts:13:11)

    console.log
      prisma:query 
ROLLBACK

      at Object.zc (../no
de_modules/@prisma/intern
als/src/logger.ts:13:11)

    console.error
      ÔØî Failed to 
create user from 
session: {
        message: '\n' +
          'Invalid `tx.or
ganization.create()` 
invocation in\n' +
          'C:\\Users\\HP\
\Desktop\\vessify-intern-
assignment\\backend\\src\
\middleware\\auth.ts:157:
54\n' +
          '\n' +
          '  154 // 
Create organization\n' +
          '  155 
console.log("ƒôØ 
Creating 
organization...");\n' +
          '  156 const 
orgId = 
crypto.randomUUID();\n' +
          'ÔåÆ 157 const 
organization = await tx.o
rganization.create(\n' +
          'The column 
`organizations.metadata` 
does not exist in the 
current database.',
        code: 'P2022',
        meta: { 
modelName: 
'Organization', column: 
'organizations.metadata' 
},
        stack: 'PrismaCli
entKnownRequestError: 
\n' +
          'Invalid `tx.or
ganization.create()` 
invocation in\n' +
          'C:\\Users\\HP\
\Desktop\\vessify-intern-
assignment\\backend\\src\
\middleware\\auth.ts:157:
54\n' +
          '\n' +
          '  154 // 
Create organization\n' +
          '  155 
console.log("ƒôØ 
Creating 
organization...");\n' +
          '  156 const 
orgId = 
crypto.randomUUID();\n' +
          'ÔåÆ 157 const 
or'
      }

    [0m [90m 202 
|[39m         
})[33m;[39m
     [90m 203 |[39m    
   } [36mcatch[39m 
(createError[33m:[39m 
any) {
    [31m[1m>[22m[39m
[90m 204 |[39m         c
onsole[33m.[39merror([
32m"ÔØî Failed to create 
user from session:"[39m
[33m,[39m {
     [90m     |[39m    
             
[31m[1m^[22m[39m
     [90m 205 |[39m    
       
message[33m:[39m create
Error[33m?[39m[33m.[3
9mmessage[33m,[39m
     [90m 206 |[39m    
       code[33m:[39m cr
eateError[33m?[39m[33m
.[39mcode[33m,[39m
     [90m 207 |[39m    
       meta[33m:[39m cr
eateError[33m?[39m[33m
.[39mmeta[33m,[39m[0m

      at authMiddleware (
src/middleware/auth.ts:20
4:17)
      at dispatch (../nod
e_modules/hono/dist/compo
se.js:22:17)
      at cors2 (../node_m
odules/hono/dist/middlewa
re/cors/index.js:79:5)
      at dispatch (../nod
e_modules/hono/dist/compo
se.js:22:17)
      at logger2 (../node
_modules/hono/dist/middle
ware/logger/index.js:38:5
)
      at dispatch (../nod
e_modules/hono/dist/compo
se.js:22:17)
      at ../node_modules/
hono/dist/hono-base.js:30
1:25
      at responseViaRespo
nseObject (../node_module
s/@hono/node-server/dist/
index.mjs:402:13)
      at 
Server.<anonymous> (../no
de_modules/@hono/node-ser
ver/dist/index.mjs:541:14
)

    console.log
      --> GET 
/api/transactions 
[33m401[0m 1s

      at log (../node_mod
ules/hono/dist/middleware
/logger/index.js:30:3)

  ÔùÅ Data Isolation 
Tests ÔÇ║ Verify 
multi-user data isolation

    expect(received).not.
toBe(expected) // 
Object.is equality

    Expected: not 401

    [0m [90m 66 |[39m 
            [33m.[39m[
36mget[39m([32m'/api/tr
ansactions'[39m)
     [90m 67 |[39m     
        [33m.[39m[36ms
et[39m([32m'Authorizati
on'[39m[33m,[39m 
[32m`Bearer ${tokenA}`[
39m)[33m;[39m
    [31m[1m>[22m[39m
[90m 68 |[39m         ex
pect(resA[33m.[39mstatu
s)[33m.[39mnot[33m.[3
9mtoBe([35m401[39m)[33
m;[39m
     [90m    |[39m     
                         
   [31m[1m^[22m[39m
     [90m 69 |[39m
     [90m 70 |[39m     
    [90m// Initialize 
User B[39m
     [90m 71 |[39m     
    [36mlet[39m resB 
[33m=[39m 
[36mawait[39m 
request(server)[0m

      at 
Object.<anonymous> (tests
/isolation.test.ts:68:33)

FAIL tests/auth.test.ts 
(27.287 s)
  ÔùÅ Console

    console.log
      [Auth] Secret 
loaded: true, Prefix: 
D0S01...

      at 
src/lib/auth.ts:27:9

    console.log
      <-- POST 
/api/auth/sign-up/email

      at log (../node_mod
ules/hono/dist/middleware
/logger/index.js:30:3)

    console.log
      prisma:query 
SELECT 
"public"."users"."id", "p
ublic"."users"."email", "
public"."users"."emailVer
ified", 
"public"."users"."name", 
"public"."users"."image",
 "public"."users"."create
dAt", "public"."users"."u
pdatedAt" FROM 
"public"."users" WHERE 
"public"."users"."email" 
= $1 LIMIT $2 OFFSET $3

      at Object.zc (../no
de_modules/@prisma/intern
als/src/logger.ts:13:11)

    console.log
      prisma:query 
INSERT INTO 
"public"."users" ("id","e
mail","emailVerified","na
me","createdAt","updatedA
t") VALUES 
($1,$2,$3,$4,$5,$6) 
RETURNING 
"public"."users"."id", "p
ublic"."users"."email", "
public"."users"."emailVer
ified", 
"public"."users"."name", 
"public"."users"."image",
 "public"."users"."create
dAt", "public"."users"."u
pdatedAt"

      at Object.zc (../no
de_modules/@prisma/intern
als/src/logger.ts:13:11)

    console.log
      prisma:query 
INSERT INTO 
"public"."accounts" ("id"
,"userId","accountId","pr
oviderId","password","cre
atedAt","updatedAt") 
VALUES 
($1,$2,$3,$4,$5,$6,$7) 
RETURNING "public"."accou
nts"."id", "public"."acco
unts"."userId", "public".
"accounts"."accountId", "
public"."accounts"."provi
derId", "public"."account
s"."accessToken", "public
"."accounts"."refreshToke
n", "public"."accounts"."
idToken", "public"."accou
nts"."scope", "public"."a
ccounts"."password", "pub
lic"."accounts"."createdA
t", "public"."accounts"."
updatedAt"

      at Object.zc (../no
de_modules/@prisma/intern
als/src/logger.ts:13:11)

    console.log
      prisma:error 
      Invalid `prisma.acc
ount.create()` 
invocation:
      
      
      The column 
`accounts.scope` does 
not exist in the current 
database.

      at Object.zc (../no
de_modules/@prisma/intern
als/src/logger.ts:13:11)

    console.error
      [2m2026-03-02T00:2
2:01.942Z[0m 
[31mERROR[0m 
[1m[Better Auth]:[0m 
      Invalid `prisma.acc
ount.create()` 
invocation:
      
      
      The column 
`accounts.scope` does 
not exist in the current 
database.

    [0m [90m 108 
|[39m app[33m.[39mall(
[32m"/api/auth/*"[39m[
33m,[39m 
[36masync[39m (c) 
[33m=>[39m {
     [90m 109 |[39m   
[36mtry[39m {
    [31m[1m>[22m[39m
[90m 110 |[39m     
[36mconst[39m res 
[33m=[39m 
[36mawait[39m auth[33m
.[39mhandler(c[33m.[39
mreq[33m.[39mraw)[33m;
[39m
     [90m     |[39m    
             
[31m[1m^[22m[39m
     [90m 111 |[39m    
 [36mreturn[39m 
res[33m;[39m
     [90m 112 |[39m   
} [36mcatch[39m 
(error) {
     [90m 113 |[39m    
 [36mreturn[39m 
c[33m.[39mjson({ 
error[33m:[39m 
[32m"Authentication 
error"[39m[33m,[39m 
details[33m:[39m 
[33mString[39m(error) 
}[33m,[39m [35m500[39
m)[33m;[39m[0m

      at LogFunc (../node
_modules/@better-auth/cor
e/src/env/logger.ts:117:1
3)
      at Object.error (..
/node_modules/@better-aut
h/core/src/env/logger.ts:
133:5)
      at Object.onError (
../node_modules/better-au
th/src/api/index.ts:348:1
9)
      at processRequest (
../node_modules/better-ca
ll/src/router.ts:238:41)
      at handler (../node
_modules/better-call/src/
router.ts:275:16)
      at 
src/app.ts:110:17
      at dispatch (../nod
e_modules/hono/dist/compo
se.js:22:17)
      at cors2 (../node_m
odules/hono/dist/middlewa
re/cors/index.js:79:5)
      at dispatch (../nod
e_modules/hono/dist/compo
se.js:22:17)
      at logger2 (../node
_modules/hono/dist/middle
ware/logger/index.js:38:5
)
      at dispatch (../nod
e_modules/hono/dist/compo
se.js:22:17)
      at ../node_modules/
hono/dist/hono-base.js:30
1:25
      at 
Server.<anonymous> (tests
/auth.test.ts:35:22)

    console.error
      # SERVER_ERROR:  Pr
ismaClientKnownRequestErr
or: 
      Invalid `prisma.acc
ount.create()` 
invocation:
      
      
      The column 
`accounts.scope` does 
not exist in the current 
database.
          at 
ei.handleRequestError (C:
\Users\HP\Desktop\vessify
-intern-assignment\node_m
odules\@prisma\client\src
\runtime\RequestHandler.t
s:228:13)
          at ei.handleAnd
LogRequestError (C:\Users
\HP\Desktop\vessify-inter
n-assignment\node_modules
\@prisma\client\src\runti
me\RequestHandler.ts:174:
12)
          at ei.request (
C:\Users\HP\Desktop\vessi
fy-intern-assignment\node
_modules\@prisma\client\s
rc\runtime\RequestHandler
.ts:143:12)
          at a (C:\Users\
HP\Desktop\vessify-intern
-assignment\node_modules\
@prisma\client\src\runtim
e\getPrismaClient.ts:833:
24)
          at 
Object.create (C:\Users\H
P\Desktop\vessify-intern-
assignment\node_modules\b
etter-auth\src\adapters\p
risma-adapter\prisma-adap
ter.ts:342:21)
          at 
Object.create (C:\Users\H
P\Desktop\vessify-intern-
assignment\node_modules\@
better-auth\core\src\db\a
dapter\factory.ts:872:17)
          at 
createWithHooks (C:\Users
\HP\Desktop\vessify-inter
n-assignment\node_modules
\better-auth\src\db\with-
hooks.ts:52:7)
          at 
Object.linkAccount (C:\Us
ers\HP\Desktop\vessify-in
tern-assignment\node_modu
les\better-auth\src\db\in
ternal-adapter.ts:860:21)
          at C:\Users\HP\
Desktop\vessify-intern-as
signment\node_modules\bet
ter-auth\src\api\routes\s
ign-up.ts:285:5
          at 
internalHandler (C:\Users
\HP\Desktop\vessify-inter
n-assignment\node_modules
\better-call\src\endpoint
.ts:507:20)
          at C:\Users\HP\
Desktop\vessify-intern-as
signment\node_modules\bet
ter-auth\src\api\to-auth-
endpoints.ts:119:22
          at 
processRequest (C:\Users\
HP\Desktop\vessify-intern
-assignment\node_modules\
better-call\src\router.ts
:233:22)
          at handler (C:\
Users\HP\Desktop\vessify-
intern-assignment\node_mo
dules\better-call\src\rou
ter.ts:275:16)
          at C:\Users\HP\
Desktop\vessify-intern-as
signment\backend\src\app.
ts:110:17
          at dispatch (C:
\Users\HP\Desktop\vessify
-intern-assignment\node_m
odules\hono\dist\compose.
js:22:17)
          at cors2 (C:\Us
ers\HP\Desktop\vessify-in
tern-assignment\node_modu
les\hono\dist\middleware\
cors\index.js:79:5)
          at dispatch (C:
\Users\HP\Desktop\vessify
-intern-assignment\node_m
odules\hono\dist\compose.
js:22:17)
          at logger2 (C:\
Users\HP\Desktop\vessify-
intern-assignment\node_mo
dules\hono\dist\middlewar
e\logger\index.js:38:5)
          at dispatch (C:
\Users\HP\Desktop\vessify
-intern-assignment\node_m
odules\hono\dist\compose.
js:22:17)
          at C:\Users\HP\
Desktop\vessify-intern-as
signment\node_modules\hon
o\dist\hono-base.js:301:2
5
          at 
Server.<anonymous> (C:\Us
ers\HP\Desktop\vessify-in
tern-assignment\backend\t
ests\auth.test.ts:35:22) 
{
        code: 'P2022',
        meta: { 
modelName: 'Account', 
column: 'accounts.scope' 
},
        clientVersion: 
'6.19.2'
      }

    [0m [90m 108 
|[39m app[33m.[39mall(
[32m"/api/auth/*"[39m[
33m,[39m 
[36masync[39m (c) 
[33m=>[39m {
     [90m 109 |[39m   
[36mtry[39m {
    [31m[1m>[22m[39m
[90m 110 |[39m     
[36mconst[39m res 
[33m=[39m 
[36mawait[39m auth[33m
.[39mhandler(c[33m.[39
mreq[33m.[39mraw)[33m;
[39m
     [90m     |[39m    
             
[31m[1m^[22m[39m
     [90m 111 |[39m    
 [36mreturn[39m 
res[33m;[39m
     [90m 112 |[39m   
} [36mcatch[39m 
(error) {
     [90m 113 |[39m    
 [36mreturn[39m 
c[33m.[39mjson({ 
error[33m:[39m 
[32m"Authentication 
error"[39m[33m,[39m 
details[33m:[39m 
[33mString[39m(error) 
}[33m,[39m [35m500[39
m)[33m;[39m[0m

      at processRequest (
../node_modules/better-ca
ll/src/router.ts:260:12)
      at handler (../node
_modules/better-call/src/
router.ts:275:16)
      at 
src/app.ts:110:17
      at dispatch (../nod
e_modules/hono/dist/compo
se.js:22:17)
      at cors2 (../node_m
odules/hono/dist/middlewa
re/cors/index.js:79:5)
      at dispatch (../nod
e_modules/hono/dist/compo
se.js:22:17)
      at logger2 (../node
_modules/hono/dist/middle
ware/logger/index.js:38:5
)
      at dispatch (../nod
e_modules/hono/dist/compo
se.js:22:17)
      at ../node_modules/
hono/dist/hono-base.js:30
1:25
      at 
Server.<anonymous> (tests
/auth.test.ts:35:22)

    console.log
      --> POST 
/api/auth/sign-up/email 
[31m500[0m 3s

      at log (../node_mod
ules/hono/dist/middleware
/logger/index.js:30:3)

    console.log
      <-- POST 
/api/auth/sign-in/email

      at log (../node_mod
ules/hono/dist/middleware
/logger/index.js:30:3)

    console.log
      prisma:query 
SELECT 
"public"."users"."id", "p
ublic"."users"."email", "
public"."users"."emailVer
ified", 
"public"."users"."name", 
"public"."users"."image",
 "public"."users"."create
dAt", "public"."users"."u
pdatedAt" FROM 
"public"."users" WHERE 
"public"."users"."email" 
= $1 LIMIT $2 OFFSET $3

      at Object.zc (../no
de_modules/@prisma/intern
als/src/logger.ts:13:11)

    console.log
      prisma:query 
SELECT "public"."accounts
"."id", "public"."account
s"."userId", "public"."ac
counts"."accountId", "pub
lic"."accounts"."provider
Id", "public"."accounts".
"accessToken", "public"."
accounts"."refreshToken",
 "public"."accounts"."idT
oken", "public"."accounts
"."scope", "public"."acco
unts"."password", "public
"."accounts"."createdAt",
 "public"."accounts"."upd
atedAt" FROM 
"public"."accounts" 
WHERE "public"."accounts"
."userId" = $1 ORDER BY 
"public"."accounts"."id" 
ASC LIMIT $2 OFFSET $3

      at Object.zc (../no
de_modules/@prisma/intern
als/src/logger.ts:13:11)

    console.log
      prisma:error 
      Invalid `prisma.acc
ount.findMany()` 
invocation:
      
      
      The column 
`accounts.scope` does 
not exist in the current 
database.

      at Object.zc (../no
de_modules/@prisma/intern
als/src/logger.ts:13:11)

    console.error
      [2m2026-03-02T00:2
2:02.008Z[0m 
[31mERROR[0m 
[1m[Better Auth]:[0m 
Failed to query fallback 
join for model account: {
        where: [
          {
            operator: 
'eq',
            connector: 
'AND',
            field: 
'userId',
            value: 'nctTj
EsxvLPkp3sgGJoSkyRwKxOND2
sb'
          }
        ],
        limit: 100
      }

    [0m [90m 108 
|[39m app[33m.[39mall(
[32m"/api/auth/*"[39m[
33m,[39m 
[36masync[39m (c) 
[33m=>[39m {
     [90m 109 |[39m   
[36mtry[39m {
    [31m[1m>[22m[39m
[90m 110 |[39m     
[36mconst[39m res 
[33m=[39m 
[36mawait[39m auth[33m
.[39mhandler(c[33m.[39
mreq[33m.[39mraw)[33m;
[39m
     [90m     |[39m    
             
[31m[1m^[22m[39m
     [90m 111 |[39m    
 [36mreturn[39m 
res[33m;[39m
     [90m 112 |[39m   
} [36mcatch[39m 
(error) {
     [90m 113 |[39m    
 [36mreturn[39m 
c[33m.[39mjson({ 
error[33m:[39m 
[32m"Authentication 
error"[39m[33m,[39m 
details[33m:[39m 
[33mString[39m(error) 
}[33m,[39m [35m500[39
m)[33m;[39m[0m

      at LogFunc (../node
_modules/@better-auth/cor
e/src/env/logger.ts:117:1
3)
      at Object.error (..
/node_modules/@better-aut
h/core/src/env/logger.ts:
133:5)
      at 
handleFallbackJoin (../no
de_modules/@better-auth/c
ore/src/db/adapter/factor
y.ts:772:12)
      at ../node_modules/
@better-auth/core/src/db/
adapter/factory.ts:424:22
      at transformOutput 
(../node_modules/@better-
auth/core/src/db/adapter/
factory.ts:418:22)
      at Object.findOne (
../node_modules/@better-a
uth/core/src/db/adapter/f
actory.ts:1072:20)
      at 
Object.findUserByEmail (.
./node_modules/better-aut
h/src/db/internal-adapter
.ts:822:19)
      at ../node_modules/
better-auth/src/api/route
s/sign-in.ts:461:17
      at internalHandler 
(../node_modules/better-c
all/src/endpoint.ts:507:2
0)
      at ../node_modules/
better-auth/src/api/to-au
th-endpoints.ts:119:22
      at processRequest (
../node_modules/better-ca
ll/src/router.ts:233:22)
      at handler (../node
_modules/better-call/src/
router.ts:275:16)
      at 
src/app.ts:110:17
      at dispatch (../nod
e_modules/hono/dist/compo
se.js:22:17)
      at cors2 (../node_m
odules/hono/dist/middlewa
re/cors/index.js:79:5)
      at dispatch (../nod
e_modules/hono/dist/compo
se.js:22:17)
      at logger2 (../node
_modules/hono/dist/middle
ware/logger/index.js:38:5
)
      at dispatch (../nod
e_modules/hono/dist/compo
se.js:22:17)
      at ../node_modules/
hono/dist/hono-base.js:30
1:25
      at 
Server.<anonymous> (tests
/auth.test.ts:35:22)

    console.error
      PrismaClientKnownRe
questError: 
      Invalid `prisma.acc
ount.findMany()` 
invocation:
      
      
      The column 
`accounts.scope` does 
not exist in the current 
database.
          at 
ei.handleRequestError (C:
\Users\HP\Desktop\vessify
-intern-assignment\node_m
odules\@prisma\client\src
\runtime\RequestHandler.t
s:228:13)
          at ei.handleAnd
LogRequestError (C:\Users
\HP\Desktop\vessify-inter
n-assignment\node_modules
\@prisma\client\src\runti
me\RequestHandler.ts:174:
12)
          at ei.request (
C:\Users\HP\Desktop\vessi
fy-intern-assignment\node
_modules\@prisma\client\s
rc\runtime\RequestHandler
.ts:143:12)
          at a (C:\Users\
HP\Desktop\vessify-intern
-assignment\node_modules\
@prisma\client\src\runtim
e\getPrismaClient.ts:833:
24)
          at 
Object.findMany (C:\Users
\HP\Desktop\vessify-inter
n-assignment\node_modules
\better-auth\src\adapters
\prisma-adapter\prisma-ad
apter.ts:410:21)
          at 
handleFallbackJoin (C:\Us
ers\HP\Desktop\vessify-in
tern-assignment\node_modu
les\@better-auth\core\src
\db\adapter\factory.ts:76
5:15)
          at C:\Users\HP\
Desktop\vessify-intern-as
signment\node_modules\@be
tter-auth\core\src\db\ada
pter\factory.ts:424:22
          at 
transformOutput (C:\Users
\HP\Desktop\vessify-inter
n-assignment\node_modules
\@better-auth\core\src\db
\adapter\factory.ts:418:2
2)
          at 
Object.findOne (C:\Users\
HP\Desktop\vessify-intern
-assignment\node_modules\
@better-auth\core\src\db\
adapter\factory.ts:1072:2
0)
          at 
Object.findUserByEmail (C
:\Users\HP\Desktop\vessif
y-intern-assignment\node_
modules\better-auth\src\d
b\internal-adapter.ts:822
:19)
          at C:\Users\HP\
Desktop\vessify-intern-as
signment\node_modules\bet
ter-auth\src\api\routes\s
ign-in.ts:461:17
          at 
internalHandler (C:\Users
\HP\Desktop\vessify-inter
n-assignment\node_modules
\better-call\src\endpoint
.ts:507:20)
          at C:\Users\HP\
Desktop\vessify-intern-as
signment\node_modules\bet
ter-auth\src\api\to-auth-
endpoints.ts:119:22
          at 
processRequest (C:\Users\
HP\Desktop\vessify-intern
-assignment\node_modules\
better-call\src\router.ts
:233:22)
          at handler (C:\
Users\HP\Desktop\vessify-
intern-assignment\node_mo
dules\better-call\src\rou
ter.ts:275:16)
          at C:\Users\HP\
Desktop\vessify-intern-as
signment\backend\src\app.
ts:110:17
          at dispatch (C:
\Users\HP\Desktop\vessify
-intern-assignment\node_m
odules\hono\dist\compose.
js:22:17)
          at cors2 (C:\Us
ers\HP\Desktop\vessify-in
tern-assignment\node_modu
les\hono\dist\middleware\
cors\index.js:79:5)
          at dispatch (C:
\Users\HP\Desktop\vessify
-intern-assignment\node_m
odules\hono\dist\compose.
js:22:17)
          at logger2 (C:\
Users\HP\Desktop\vessify-
intern-assignment\node_mo
dules\hono\dist\middlewar
e\logger\index.js:38:5)
          at dispatch (C:
\Users\HP\Desktop\vessify
-intern-assignment\node_m
odules\hono\dist\compose.
js:22:17)
          at C:\Users\HP\
Desktop\vessify-intern-as
signment\node_modules\hon
o\dist\hono-base.js:301:2
5
          at 
Server.<anonymous> (C:\Us
ers\HP\Desktop\vessify-in
tern-assignment\backend\t
ests\auth.test.ts:35:22) 
{
        code: 'P2022',
        meta: { 
modelName: 'Account', 
column: 'accounts.scope' 
},
        clientVersion: 
'6.19.2'
      }

    [0m [90m 108 
|[39m app[33m.[39mall(
[32m"/api/auth/*"[39m[
33m,[39m 
[36masync[39m (c) 
[33m=>[39m {
     [90m 109 |[39m   
[36mtry[39m {
    [31m[1m>[22m[39m
[90m 110 |[39m     
[36mconst[39m res 
[33m=[39m 
[36mawait[39m auth[33m
.[39mhandler(c[33m.[39
mreq[33m.[39mraw)[33m;
[39m
     [90m     |[39m    
             
[31m[1m^[22m[39m
     [90m 111 |[39m    
 [36mreturn[39m 
res[33m;[39m
     [90m 112 |[39m   
} [36mcatch[39m 
(error) {
     [90m 113 |[39m    
 [36mreturn[39m 
c[33m.[39mjson({ 
error[33m:[39m 
[32m"Authentication 
error"[39m[33m,[39m 
details[33m:[39m 
[33mString[39m(error) 
}[33m,[39m [35m500[39
m)[33m;[39m[0m

      at 
handleFallbackJoin (../no
de_modules/@better-auth/c
ore/src/db/adapter/factor
y.ts:776:13)
      at ../node_modules/
@better-auth/core/src/db/
adapter/factory.ts:424:22
      at transformOutput 
(../node_modules/@better-
auth/core/src/db/adapter/
factory.ts:418:22)
      at Object.findOne (
../node_modules/@better-a
uth/core/src/db/adapter/f
actory.ts:1072:20)
      at 
Object.findUserByEmail (.
./node_modules/better-aut
h/src/db/internal-adapter
.ts:822:19)
      at ../node_modules/
better-auth/src/api/route
s/sign-in.ts:461:17
      at internalHandler 
(../node_modules/better-c
all/src/endpoint.ts:507:2
0)
      at ../node_modules/
better-auth/src/api/to-au
th-endpoints.ts:119:22
      at processRequest (
../node_modules/better-ca
ll/src/router.ts:233:22)
      at handler (../node
_modules/better-call/src/
router.ts:275:16)
      at 
src/app.ts:110:17
      at dispatch (../nod
e_modules/hono/dist/compo
se.js:22:17)
      at cors2 (../node_m
odules/hono/dist/middlewa
re/cors/index.js:79:5)
      at dispatch (../nod
e_modules/hono/dist/compo
se.js:22:17)
      at logger2 (../node
_modules/hono/dist/middle
ware/logger/index.js:38:5
)
      at dispatch (../nod
e_modules/hono/dist/compo
se.js:22:17)
      at ../node_modules/
hono/dist/hono-base.js:30
1:25
      at 
Server.<anonymous> (tests
/auth.test.ts:35:22)

    console.error
      [2m2026-03-02T00:2
2:02.015Z[0m 
[31mERROR[0m 
[1m[Better Auth]:[0m 
      Invalid `prisma.acc
ount.findMany()` 
invocation:
      
      
      The column 
`accounts.scope` does 
not exist in the current 
database.

    [0m [90m 108 
|[39m app[33m.[39mall(
[32m"/api/auth/*"[39m[
33m,[39m 
[36masync[39m (c) 
[33m=>[39m {
     [90m 109 |[39m   
[36mtry[39m {
    [31m[1m>[22m[39m
[90m 110 |[39m     
[36mconst[39m res 
[33m=[39m 
[36mawait[39m auth[33m
.[39mhandler(c[33m.[39
mreq[33m.[39mraw)[33m;
[39m
     [90m     |[39m    
             
[31m[1m^[22m[39m
     [90m 111 |[39m    
 [36mreturn[39m 
res[33m;[39m
     [90m 112 |[39m   
} [36mcatch[39m 
(error) {
     [90m 113 |[39m    
 [36mreturn[39m 
c[33m.[39mjson({ 
error[33m:[39m 
[32m"Authentication 
error"[39m[33m,[39m 
details[33m:[39m 
[33mString[39m(error) 
}[33m,[39m [35m500[39
m)[33m;[39m[0m

      at LogFunc (../node
_modules/@better-auth/cor
e/src/env/logger.ts:117:1
3)
      at Object.error (..
/node_modules/@better-aut
h/core/src/env/logger.ts:
133:5)
      at Object.onError (
../node_modules/better-au
th/src/api/index.ts:348:1
9)
      at processRequest (
../node_modules/better-ca
ll/src/router.ts:238:41)
      at handler (../node
_modules/better-call/src/
router.ts:275:16)
      at 
src/app.ts:110:17
      at dispatch (../nod
e_modules/hono/dist/compo
se.js:22:17)
      at cors2 (../node_m
odules/hono/dist/middlewa
re/cors/index.js:79:5)
      at dispatch (../nod
e_modules/hono/dist/compo
se.js:22:17)
      at logger2 (../node
_modules/hono/dist/middle
ware/logger/index.js:38:5
)
      at dispatch (../nod
e_modules/hono/dist/compo
se.js:22:17)
      at ../node_modules/
hono/dist/hono-base.js:30
1:25
      at 
Server.<anonymous> (tests
/auth.test.ts:35:22)

    console.error
      # SERVER_ERROR:  Pr
ismaClientKnownRequestErr
or: 
      Invalid `prisma.acc
ount.findMany()` 
invocation:
      
      
      The column 
`accounts.scope` does 
not exist in the current 
database.
          at 
ei.handleRequestError (C:
\Users\HP\Desktop\vessify
-intern-assignment\node_m
odules\@prisma\client\src
\runtime\RequestHandler.t
s:228:13)
          at ei.handleAnd
LogRequestError (C:\Users
\HP\Desktop\vessify-inter
n-assignment\node_modules
\@prisma\client\src\runti
me\RequestHandler.ts:174:
12)
          at ei.request (
C:\Users\HP\Desktop\vessi
fy-intern-assignment\node
_modules\@prisma\client\s
rc\runtime\RequestHandler
.ts:143:12)
          at a (C:\Users\
HP\Desktop\vessify-intern
-assignment\node_modules\
@prisma\client\src\runtim
e\getPrismaClient.ts:833:
24)
          at 
Object.findMany (C:\Users
\HP\Desktop\vessify-inter
n-assignment\node_modules
\better-auth\src\adapters
\prisma-adapter\prisma-ad
apter.ts:410:21)
          at 
handleFallbackJoin (C:\Us
ers\HP\Desktop\vessify-in
tern-assignment\node_modu
les\@better-auth\core\src
\db\adapter\factory.ts:76
5:15)
          at C:\Users\HP\
Desktop\vessify-intern-as
signment\node_modules\@be
tter-auth\core\src\db\ada
pter\factory.ts:424:22
          at 
transformOutput (C:\Users
\HP\Desktop\vessify-inter
n-assignment\node_modules
\@better-auth\core\src\db
\adapter\factory.ts:418:2
2)
          at 
Object.findOne (C:\Users\
HP\Desktop\vessify-intern
-assignment\node_modules\
@better-auth\core\src\db\
adapter\factory.ts:1072:2
0)
          at 
Object.findUserByEmail (C
:\Users\HP\Desktop\vessif
y-intern-assignment\node_
modules\better-auth\src\d
b\internal-adapter.ts:822
:19)
          at C:\Users\HP\
Desktop\vessify-intern-as
signment\node_modules\bet
ter-auth\src\api\routes\s
ign-in.ts:461:17
          at 
internalHandler (C:\Users
\HP\Desktop\vessify-inter
n-assignment\node_modules
\better-call\src\endpoint
.ts:507:20)
          at C:\Users\HP\
Desktop\vessify-intern-as
signment\node_modules\bet
ter-auth\src\api\to-auth-
endpoints.ts:119:22
          at 
processRequest (C:\Users\
HP\Desktop\vessify-intern
-assignment\node_modules\
better-call\src\router.ts
:233:22)
          at handler (C:\
Users\HP\Desktop\vessify-
intern-assignment\node_mo
dules\better-call\src\rou
ter.ts:275:16)
          at C:\Users\HP\
Desktop\vessify-intern-as
signment\backend\src\app.
ts:110:17
          at dispatch (C:
\Users\HP\Desktop\vessify
-intern-assignment\node_m
odules\hono\dist\compose.
js:22:17)
          at cors2 (C:\Us
ers\HP\Desktop\vessify-in
tern-assignment\node_modu
les\hono\dist\middleware\
cors\index.js:79:5)
          at dispatch (C:
\Users\HP\Desktop\vessify
-intern-assignment\node_m
odules\hono\dist\compose.
js:22:17)
          at logger2 (C:\
Users\HP\Desktop\vessify-
intern-assignment\node_mo
dules\hono\dist\middlewar
e\logger\index.js:38:5)
          at dispatch (C:
\Users\HP\Desktop\vessify
-intern-assignment\node_m
odules\hono\dist\compose.
js:22:17)
          at C:\Users\HP\
Desktop\vessify-intern-as
signment\node_modules\hon
o\dist\hono-base.js:301:2
5
          at 
Server.<anonymous> (C:\Us
ers\HP\Desktop\vessify-in
tern-assignment\backend\t
ests\auth.test.ts:35:22) 
{
        code: 'P2022',
        meta: { 
modelName: 'Account', 
column: 'accounts.scope' 
},
        clientVersion: 
'6.19.2'
      }

    [0m [90m 108 
|[39m app[33m.[39mall(
[32m"/api/auth/*"[39m[
33m,[39m 
[36masync[39m (c) 
[33m=>[39m {
     [90m 109 |[39m   
[36mtry[39m {
    [31m[1m>[22m[39m
[90m 110 |[39m     
[36mconst[39m res 
[33m=[39m 
[36mawait[39m auth[33m
.[39mhandler(c[33m.[39
mreq[33m.[39mraw)[33m;
[39m
     [90m     |[39m    
             
[31m[1m^[22m[39m
     [90m 111 |[39m    
 [36mreturn[39m 
res[33m;[39m
     [90m 112 |[39m   
} [36mcatch[39m 
(error) {
     [90m 113 |[39m    
 [36mreturn[39m 
c[33m.[39mjson({ 
error[33m:[39m 
[32m"Authentication 
error"[39m[33m,[39m 
details[33m:[39m 
[33mString[39m(error) 
}[33m,[39m [35m500[39
m)[33m;[39m[0m

      at processRequest (
../node_modules/better-ca
ll/src/router.ts:260:12)
      at handler (../node
_modules/better-call/src/
router.ts:275:16)
      at 
src/app.ts:110:17
      at dispatch (../nod
e_modules/hono/dist/compo
se.js:22:17)
      at cors2 (../node_m
odules/hono/dist/middlewa
re/cors/index.js:79:5)
      at dispatch (../nod
e_modules/hono/dist/compo
se.js:22:17)
      at logger2 (../node
_modules/hono/dist/middle
ware/logger/index.js:38:5
)
      at dispatch (../nod
e_modules/hono/dist/compo
se.js:22:17)
      at ../node_modules/
hono/dist/hono-base.js:30
1:25
      at 
Server.<anonymous> (tests
/auth.test.ts:35:22)

    console.log
      --> POST 
/api/auth/sign-in/email 
[31m500[0m 37ms

      at log (../node_mod
ules/hono/dist/middleware
/logger/index.js:30:3)

    console.log
      <-- POST 
/api/auth/sign-in/email

      at log (../node_mod
ules/hono/dist/middleware
/logger/index.js:30:3)

    console.log
      prisma:query 
SELECT 
"public"."users"."id", "p
ublic"."users"."email", "
public"."users"."emailVer
ified", 
"public"."users"."name", 
"public"."users"."image",
 "public"."users"."create
dAt", "public"."users"."u
pdatedAt" FROM 
"public"."users" WHERE 
"public"."users"."email" 
= $1 LIMIT $2 OFFSET $3

      at Object.zc (../no
de_modules/@prisma/intern
als/src/logger.ts:13:11)

    console.log
      prisma:query 
SELECT "public"."accounts
"."id", "public"."account
s"."userId", "public"."ac
counts"."accountId", "pub
lic"."accounts"."provider
Id", "public"."accounts".
"accessToken", "public"."
accounts"."refreshToken",
 "public"."accounts"."idT
oken", "public"."accounts
"."scope", "public"."acco
unts"."password", "public
"."accounts"."createdAt",
 "public"."accounts"."upd
atedAt" FROM 
"public"."accounts" 
WHERE "public"."accounts"
."userId" = $1 ORDER BY 
"public"."accounts"."id" 
ASC LIMIT $2 OFFSET $3

      at Object.zc (../no
de_modules/@prisma/intern
als/src/logger.ts:13:11)

    console.log
      prisma:error 
      Invalid `prisma.acc
ount.findMany()` 
invocation:
      
      
      The column 
`accounts.scope` does 
not exist in the current 
database.

      at Object.zc (../no
de_modules/@prisma/intern
als/src/logger.ts:13:11)

    console.error
      [2m2026-03-02T00:2
2:02.074Z[0m 
[31mERROR[0m 
[1m[Better Auth]:[0m 
Failed to query fallback 
join for model account: {
        where: [
          {
            operator: 
'eq',
            connector: 
'AND',
            field: 
'userId',
            value: 'nctTj
EsxvLPkp3sgGJoSkyRwKxOND2
sb'
          }
        ],
        limit: 100
      }

    [0m [90m 108 
|[39m app[33m.[39mall(
[32m"/api/auth/*"[39m[
33m,[39m 
[36masync[39m (c) 
[33m=>[39m {
     [90m 109 |[39m   
[36mtry[39m {
    [31m[1m>[22m[39m
[90m 110 |[39m     
[36mconst[39m res 
[33m=[39m 
[36mawait[39m auth[33m
.[39mhandler(c[33m.[39
mreq[33m.[39mraw)[33m;
[39m
     [90m     |[39m    
             
[31m[1m^[22m[39m
     [90m 111 |[39m    
 [36mreturn[39m 
res[33m;[39m
     [90m 112 |[39m   
} [36mcatch[39m 
(error) {
     [90m 113 |[39m    
 [36mreturn[39m 
c[33m.[39mjson({ 
error[33m:[39m 
[32m"Authentication 
error"[39m[33m,[39m 
details[33m:[39m 
[33mString[39m(error) 
}[33m,[39m [35m500[39
m)[33m;[39m[0m

      at LogFunc (../node
_modules/@better-auth/cor
e/src/env/logger.ts:117:1
3)
      at Object.error (..
/node_modules/@better-aut
h/core/src/env/logger.ts:
133:5)
      at 
handleFallbackJoin (../no
de_modules/@better-auth/c
ore/src/db/adapter/factor
y.ts:772:12)
      at ../node_modules/
@better-auth/core/src/db/
adapter/factory.ts:424:22
      at transformOutput 
(../node_modules/@better-
auth/core/src/db/adapter/
factory.ts:418:22)
      at Object.findOne (
../node_modules/@better-a
uth/core/src/db/adapter/f
actory.ts:1072:20)
      at 
Object.findUserByEmail (.
./node_modules/better-aut
h/src/db/internal-adapter
.ts:822:19)
      at ../node_modules/
better-auth/src/api/route
s/sign-in.ts:461:17
      at internalHandler 
(../node_modules/better-c
all/src/endpoint.ts:507:2
0)
      at ../node_modules/
better-auth/src/api/to-au
th-endpoints.ts:119:22
      at processRequest (
../node_modules/better-ca
ll/src/router.ts:233:22)
      at handler (../node
_modules/better-call/src/
router.ts:275:16)
      at 
src/app.ts:110:17
      at dispatch (../nod
e_modules/hono/dist/compo
se.js:22:17)
      at cors2 (../node_m
odules/hono/dist/middlewa
re/cors/index.js:79:5)
      at dispatch (../nod
e_modules/hono/dist/compo
se.js:22:17)
      at logger2 (../node
_modules/hono/dist/middle
ware/logger/index.js:38:5
)
      at dispatch (../nod
e_modules/hono/dist/compo
se.js:22:17)
      at ../node_modules/
hono/dist/hono-base.js:30
1:25
      at 
Server.<anonymous> (tests
/auth.test.ts:35:22)

    console.error
      PrismaClientKnownRe
questError: 
      Invalid `prisma.acc
ount.findMany()` 
invocation:
      
      
      The column 
`accounts.scope` does 
not exist in the current 
database.
          at 
ei.handleRequestError (C:
\Users\HP\Desktop\vessify
-intern-assignment\node_m
odules\@prisma\client\src
\runtime\RequestHandler.t
s:228:13)
          at ei.handleAnd
LogRequestError (C:\Users
\HP\Desktop\vessify-inter
n-assignment\node_modules
\@prisma\client\src\runti
me\RequestHandler.ts:174:
12)
          at ei.request (
C:\Users\HP\Desktop\vessi
fy-intern-assignment\node
_modules\@prisma\client\s
rc\runtime\RequestHandler
.ts:143:12)
          at a (C:\Users\
HP\Desktop\vessify-intern
-assignment\node_modules\
@prisma\client\src\runtim
e\getPrismaClient.ts:833:
24)
          at 
Object.findMany (C:\Users
\HP\Desktop\vessify-inter
n-assignment\node_modules
\better-auth\src\adapters
\prisma-adapter\prisma-ad
apter.ts:410:21)
          at 
handleFallbackJoin (C:\Us
ers\HP\Desktop\vessify-in
tern-assignment\node_modu
les\@better-auth\core\src
\db\adapter\factory.ts:76
5:15)
          at C:\Users\HP\
Desktop\vessify-intern-as
signment\node_modules\@be
tter-auth\core\src\db\ada
pter\factory.ts:424:22
          at 
transformOutput (C:\Users
\HP\Desktop\vessify-inter
n-assignment\node_modules
\@better-auth\core\src\db
\adapter\factory.ts:418:2
2)
          at 
Object.findOne (C:\Users\
HP\Desktop\vessify-intern
-assignment\node_modules\
@better-auth\core\src\db\
adapter\factory.ts:1072:2
0)
          at 
Object.findUserByEmail (C
:\Users\HP\Desktop\vessif
y-intern-assignment\node_
modules\better-auth\src\d
b\internal-adapter.ts:822
:19)
          at C:\Users\HP\
Desktop\vessify-intern-as
signment\node_modules\bet
ter-auth\src\api\routes\s
ign-in.ts:461:17
          at 
internalHandler (C:\Users
\HP\Desktop\vessify-inter
n-assignment\node_modules
\better-call\src\endpoint
.ts:507:20)
          at C:\Users\HP\
Desktop\vessify-intern-as
signment\node_modules\bet
ter-auth\src\api\to-auth-
endpoints.ts:119:22
          at 
processRequest (C:\Users\
HP\Desktop\vessify-intern
-assignment\node_modules\
better-call\src\router.ts
:233:22)
          at handler (C:\
Users\HP\Desktop\vessify-
intern-assignment\node_mo
dules\better-call\src\rou
ter.ts:275:16)
          at C:\Users\HP\
Desktop\vessify-intern-as
signment\backend\src\app.
ts:110:17
          at dispatch (C:
\Users\HP\Desktop\vessify
-intern-assignment\node_m
odules\hono\dist\compose.
js:22:17)
          at cors2 (C:\Us
ers\HP\Desktop\vessify-in
tern-assignment\node_modu
les\hono\dist\middleware\
cors\index.js:79:5)
          at dispatch (C:
\Users\HP\Desktop\vessify
-intern-assignment\node_m
odules\hono\dist\compose.
js:22:17)
          at logger2 (C:\
Users\HP\Desktop\vessify-
intern-assignment\node_mo
dules\hono\dist\middlewar
e\logger\index.js:38:5)
          at dispatch (C:
\Users\HP\Desktop\vessify
-intern-assignment\node_m
odules\hono\dist\compose.
js:22:17)
          at C:\Users\HP\
Desktop\vessify-intern-as
signment\node_modules\hon
o\dist\hono-base.js:301:2
5
          at 
Server.<anonymous> (C:\Us
ers\HP\Desktop\vessify-in
tern-assignment\backend\t
ests\auth.test.ts:35:22) 
{
        code: 'P2022',
        meta: { 
modelName: 'Account', 
column: 'accounts.scope' 
},
        clientVersion: 
'6.19.2'
      }

    [0m [90m 108 
|[39m app[33m.[39mall(
[32m"/api/auth/*"[39m[
33m,[39m 
[36masync[39m (c) 
[33m=>[39m {
     [90m 109 |[39m   
[36mtry[39m {
    [31m[1m>[22m[39m
[90m 110 |[39m     
[36mconst[39m res 
[33m=[39m 
[36mawait[39m auth[33m
.[39mhandler(c[33m.[39
mreq[33m.[39mraw)[33m;
[39m
     [90m     |[39m    
             
[31m[1m^[22m[39m
     [90m 111 |[39m    
 [36mreturn[39m 
res[33m;[39m
     [90m 112 |[39m   
} [36mcatch[39m 
(error) {
     [90m 113 |[39m    
 [36mreturn[39m 
c[33m.[39mjson({ 
error[33m:[39m 
[32m"Authentication 
error"[39m[33m,[39m 
details[33m:[39m 
[33mString[39m(error) 
}[33m,[39m [35m500[39
m)[33m;[39m[0m

      at 
handleFallbackJoin (../no
de_modules/@better-auth/c
ore/src/db/adapter/factor
y.ts:776:13)
      at ../node_modules/
@better-auth/core/src/db/
adapter/factory.ts:424:22
      at transformOutput 
(../node_modules/@better-
auth/core/src/db/adapter/
factory.ts:418:22)
      at Object.findOne (
../node_modules/@better-a
uth/core/src/db/adapter/f
actory.ts:1072:20)
      at 
Object.findUserByEmail (.
./node_modules/better-aut
h/src/db/internal-adapter
.ts:822:19)
      at ../node_modules/
better-auth/src/api/route
s/sign-in.ts:461:17
      at internalHandler 
(../node_modules/better-c
all/src/endpoint.ts:507:2
0)
      at ../node_modules/
better-auth/src/api/to-au
th-endpoints.ts:119:22
      at processRequest (
../node_modules/better-ca
ll/src/router.ts:233:22)
      at handler (../node
_modules/better-call/src/
router.ts:275:16)
      at 
src/app.ts:110:17
      at dispatch (../nod
e_modules/hono/dist/compo
se.js:22:17)
      at cors2 (../node_m
odules/hono/dist/middlewa
re/cors/index.js:79:5)
      at dispatch (../nod
e_modules/hono/dist/compo
se.js:22:17)
      at logger2 (../node
_modules/hono/dist/middle
ware/logger/index.js:38:5
)
      at dispatch (../nod
e_modules/hono/dist/compo
se.js:22:17)
      at ../node_modules/
hono/dist/hono-base.js:30
1:25
      at 
Server.<anonymous> (tests
/auth.test.ts:35:22)

    console.error
      [2m2026-03-02T00:2
2:02.079Z[0m 
[31mERROR[0m 
[1m[Better Auth]:[0m 
      Invalid `prisma.acc
ount.findMany()` 
invocation:
      
      
      The column 
`accounts.scope` does 
not exist in the current 
database.

    [0m [90m 108 
|[39m app[33m.[39mall(
[32m"/api/auth/*"[39m[
33m,[39m 
[36masync[39m (c) 
[33m=>[39m {
     [90m 109 |[39m   
[36mtry[39m {
    [31m[1m>[22m[39m
[90m 110 |[39m     
[36mconst[39m res 
[33m=[39m 
[36mawait[39m auth[33m
.[39mhandler(c[33m.[39
mreq[33m.[39mraw)[33m;
[39m
     [90m     |[39m    
             
[31m[1m^[22m[39m
     [90m 111 |[39m    
 [36mreturn[39m 
res[33m;[39m
     [90m 112 |[39m   
} [36mcatch[39m 
(error) {
     [90m 113 |[39m    
 [36mreturn[39m 
c[33m.[39mjson({ 
error[33m:[39m 
[32m"Authentication 
error"[39m[33m,[39m 
details[33m:[39m 
[33mString[39m(error) 
}[33m,[39m [35m500[39
m)[33m;[39m[0m

      at LogFunc (../node
_modules/@better-auth/cor
e/src/env/logger.ts:117:1
3)
      at Object.error (..
/node_modules/@better-aut
h/core/src/env/logger.ts:
133:5)
      at Object.onError (
../node_modules/better-au
th/src/api/index.ts:348:1
9)
      at processRequest (
../node_modules/better-ca
ll/src/router.ts:238:41)
      at handler (../node
_modules/better-call/src/
router.ts:275:16)
      at 
src/app.ts:110:17
      at dispatch (../nod
e_modules/hono/dist/compo
se.js:22:17)
      at cors2 (../node_m
odules/hono/dist/middlewa
re/cors/index.js:79:5)
      at dispatch (../nod
e_modules/hono/dist/compo
se.js:22:17)
      at logger2 (../node
_modules/hono/dist/middle
ware/logger/index.js:38:5
)
      at dispatch (../nod
e_modules/hono/dist/compo
se.js:22:17)
      at ../node_modules/
hono/dist/hono-base.js:30
1:25
      at 
Server.<anonymous> (tests
/auth.test.ts:35:22)

    console.error
      # SERVER_ERROR:  Pr
ismaClientKnownRequestErr
or: 
      Invalid `prisma.acc
ount.findMany()` 
invocation:
      
      
      The column 
`accounts.scope` does 
not exist in the current 
database.
          at 
ei.handleRequestError (C:
\Users\HP\Desktop\vessify
-intern-assignment\node_m
odules\@prisma\client\src
\runtime\RequestHandler.t
s:228:13)
          at ei.handleAnd
LogRequestError (C:\Users
\HP\Desktop\vessify-inter
n-assignment\node_modules
\@prisma\client\src\runti
me\RequestHandler.ts:174:
12)
          at ei.request (
C:\Users\HP\Desktop\vessi
fy-intern-assignment\node
_modules\@prisma\client\s
rc\runtime\RequestHandler
.ts:143:12)
          at a (C:\Users\
HP\Desktop\vessify-intern
-assignment\node_modules\
@prisma\client\src\runtim
e\getPrismaClient.ts:833:
24)
          at 
Object.findMany (C:\Users
\HP\Desktop\vessify-inter
n-assignment\node_modules
\better-auth\src\adapters
\prisma-adapter\prisma-ad
apter.ts:410:21)
          at 
handleFallbackJoin (C:\Us
ers\HP\Desktop\vessify-in
tern-assignment\node_modu
les\@better-auth\core\src
\db\adapter\factory.ts:76
5:15)
          at C:\Users\HP\
Desktop\vessify-intern-as
signment\node_modules\@be
tter-auth\core\src\db\ada
pter\factory.ts:424:22
          at 
transformOutput (C:\Users
\HP\Desktop\vessify-inter
n-assignment\node_modules
\@better-auth\core\src\db
\adapter\factory.ts:418:2
2)
          at 
Object.findOne (C:\Users\
HP\Desktop\vessify-intern
-assignment\node_modules\
@better-auth\core\src\db\
adapter\factory.ts:1072:2
0)
          at 
Object.findUserByEmail (C
:\Users\HP\Desktop\vessif
y-intern-assignment\node_
modules\better-auth\src\d
b\internal-adapter.ts:822
:19)
          at C:\Users\HP\
Desktop\vessify-intern-as
signment\node_modules\bet
ter-auth\src\api\routes\s
ign-in.ts:461:17
          at 
internalHandler (C:\Users
\HP\Desktop\vessify-inter
n-assignment\node_modules
\better-call\src\endpoint
.ts:507:20)
          at C:\Users\HP\
Desktop\vessify-intern-as
signment\node_modules\bet
ter-auth\src\api\to-auth-
endpoints.ts:119:22
          at 
processRequest (C:\Users\
HP\Desktop\vessify-intern
-assignment\node_modules\
better-call\src\router.ts
:233:22)
          at handler (C:\
Users\HP\Desktop\vessify-
intern-assignment\node_mo
dules\better-call\src\rou
ter.ts:275:16)
          at C:\Users\HP\
Desktop\vessify-intern-as
signment\backend\src\app.
ts:110:17
          at dispatch (C:
\Users\HP\Desktop\vessify
-intern-assignment\node_m
odules\hono\dist\compose.
js:22:17)
          at cors2 (C:\Us
ers\HP\Desktop\vessify-in
tern-assignment\node_modu
les\hono\dist\middleware\
cors\index.js:79:5)
          at dispatch (C:
\Users\HP\Desktop\vessify
-intern-assignment\node_m
odules\hono\dist\compose.
js:22:17)
          at logger2 (C:\
Users\HP\Desktop\vessify-
intern-assignment\node_mo
dules\hono\dist\middlewar
e\logger\index.js:38:5)
          at dispatch (C:
\Users\HP\Desktop\vessify
-intern-assignment\node_m
odules\hono\dist\compose.
js:22:17)
          at C:\Users\HP\
Desktop\vessify-intern-as
signment\node_modules\hon
o\dist\hono-base.js:301:2
5
          at 
Server.<anonymous> (C:\Us
ers\HP\Desktop\vessify-in
tern-assignment\backend\t
ests\auth.test.ts:35:22) 
{
        code: 'P2022',
        meta: { 
modelName: 'Account', 
column: 'accounts.scope' 
},
        clientVersion: 
'6.19.2'
      }

    [0m [90m 108 
|[39m app[33m.[39mall(
[32m"/api/auth/*"[39m[
33m,[39m 
[36masync[39m (c) 
[33m=>[39m {
     [90m 109 |[39m   
[36mtry[39m {
    [31m[1m>[22m[39m
[90m 110 |[39m     
[36mconst[39m res 
[33m=[39m 
[36mawait[39m auth[33m
.[39mhandler(c[33m.[39
mreq[33m.[39mraw)[33m;
[39m
     [90m     |[39m    
             
[31m[1m^[22m[39m
     [90m 111 |[39m    
 [36mreturn[39m 
res[33m;[39m
     [90m 112 |[39m   
} [36mcatch[39m 
(error) {
     [90m 113 |[39m    
 [36mreturn[39m 
c[33m.[39mjson({ 
error[33m:[39m 
[32m"Authentication 
error"[39m[33m,[39m 
details[33m:[39m 
[33mString[39m(error) 
}[33m,[39m [35m500[39
m)[33m;[39m[0m

      at processRequest (
../node_modules/better-ca
ll/src/router.ts:260:12)
      at handler (../node
_modules/better-call/src/
router.ts:275:16)
      at 
src/app.ts:110:17
      at dispatch (../nod
e_modules/hono/dist/compo
se.js:22:17)
      at cors2 (../node_m
odules/hono/dist/middlewa
re/cors/index.js:79:5)
      at dispatch (../nod
e_modules/hono/dist/compo
se.js:22:17)
      at logger2 (../node
_modules/hono/dist/middle
ware/logger/index.js:38:5
)
      at dispatch (../nod
e_modules/hono/dist/compo
se.js:22:17)
      at ../node_modules/
hono/dist/hono-base.js:30
1:25
      at 
Server.<anonymous> (tests
/auth.test.ts:35:22)

    console.log
      --> POST 
/api/auth/sign-in/email 
[31m500[0m 50ms

      at log (../node_mod
ules/hono/dist/middleware
/logger/index.js:30:3)

    console.log
      <-- GET 
/api/transactions?limit=1

      at log (../node_mod
ules/hono/dist/middleware
/logger/index.js:30:3)

    console.error
      ÔØî Missing or 
invalid Authorization 
header

    [0m [90m 24 |[39m
     [90m 25 |[39m     
[36mif[39m 
([33m![39mauthHeader 
[33m||[39m [33m![39ma
uthHeader[33m.[39mstart
sWith([32m"Bearer 
"[39m)) {
    [31m[1m>[22m[39m
[90m 26 |[39m       cons
ole[33m.[39merror([32m
"ÔØî Missing or invalid 
Authorization 
header"[39m)[33m;[39m
     [90m    |[39m     
          
[31m[1m^[22m[39m
     [90m 27 |[39m     
  [36mreturn[39m 
c[33m.[39mjson({ 
error[33m:[39m 
[32m"Unauthorized: 
Missing or invalid 
token"[39m }[33m,[39m 
[35m401[39m)[33m;[39m
     [90m 28 |[39m     
}
     [90m 29 |[39m[0m

      at authMiddleware (
src/middleware/auth.ts:26
:15)
      at dispatch (../nod
e_modules/hono/dist/compo
se.js:22:23)
      at ../node_modules/
hono/dist/compose.js:22:4
6
      at cors2 (../node_m
odules/hono/dist/middlewa
re/cors/index.js:79:11)
      at dispatch (../nod
e_modules/hono/dist/compo
se.js:22:17)
      at logger2 (../node
_modules/hono/dist/middle
ware/logger/index.js:38:5
)
      at dispatch (../nod
e_modules/hono/dist/compo
se.js:22:17)
      at ../node_modules/
hono/dist/hono-base.js:30
1:25
      at 
Server.<anonymous> (tests
/auth.test.ts:35:22)

    console.log
      --> GET /api/transa
ctions?limit=1 
[33m401[0m 9ms

      at log (../node_mod
ules/hono/dist/middleware
/logger/index.js:30:3)

  ÔùÅ Auth flows ÔÇ║ 
User registration with 
valid email/password

    expect(received).toBe
LessThan(expected)

    Expected: < 400
    Received:   500

    [0m [90m 86 |[39m 
      [33m.[39m[36mset
[39m([32m"Content-Type"
[39m[33m,[39m [32m"ap
plication/json"[39m)[33
m;[39m
     [90m 87 |[39m
    [31m[1m>[22m[39m
[90m 88 |[39m     expect
(res[33m.[39mstatus)[3
3m.[39mtoBeLessThan([35
m400[39m)[33m;[39m
     [90m    |[39m     
                   
[31m[1m^[22m[39m
     [90m 89 |[39m     
expect(res[33m.[39mbody
)[33m.[39mtoBeDefined()
[33m;[39m
     [90m 90 |[39m   
})[33m;[39m
     [90m 91 |[39m[0m

      at 
Object.<anonymous> (tests
/auth.test.ts:88:24)

  ÔùÅ Auth flows ÔÇ║ 
User login returns JWT 
token

    expect(received).toBe
LessThan(expected)

    Expected: < 400
    Received:   500

    [0m [90m  97 
|[39m       [33m.[39m
[36mset[39m([32m"Conten
t-Type"[39m[33m,[39m 
[32m"application/json"[3
9m)[33m;[39m
     [90m  98 |[39m
    [31m[1m>[22m[39m
[90m  99 |[39m     expec
t(loginRes[33m.[39mstat
us)[33m.[39mtoBeLessTha
n([35m400[39m)[33m;[3
9m
     [90m     |[39m    
                         
[31m[1m^[22m[39m
     [90m 100 |[39m
     [90m 101 |[39m    
 [90m// Prefer token 
from login response (if 
Better Auth returns 
it)[39m
     [90m 102 |[39m    
 [36mconst[39m 
tokenFromBody 
[33m=[39m[0m

      at 
Object.<anonymous> (tests
/auth.test.ts:99:29)

Test Suites: 3 failed, 1 
passed, 4 total
Tests:       7 failed, 
10 passed, 17 total
Snapshots:   0 total
Time:        29.276 s
Ran all test suites.
npm ERR! Lifecycle 
script `test` failed 
with error: 
npm ERR! Error: command 
failed 
npm ERR!   in workspace: 
backend@1.0.0 
npm ERR!   at location: C
:\Users\HP\Desktop\vessif
y-intern-assignment\backe
nd 
